// Jest Snapshot v1, https://goo.gl/fbAQLP

exports[`SearchHeroes should renders without crashing 1`] = `"<div class=\\"sc-bdVaJa iHYTGn\\"><input name=\\"heroe\\" type=\\"text\\" class=\\"sc-bwzfXH dErYyH\\" value=\\"Thor\\"><button class=\\"sc-htpNat icYeav\\"><span role=\\"img\\" aria-label=\\"magnifier\\">🔍</span></button></div>"`;
